Archive member included because of file (symbol)

libs/gcc/app_start.lib(gpio.o)
                              build\gcc\obj/example/example_tcpclient.o (Ql_GPIO_Init)
libs/gcc/app_start.lib(memory.o)
                              build\gcc\obj/ril/src/ril_lwm2m.o (Ql_MEM_Alloc)
libs/gcc/app_start.lib(ql_func.o)
                              libs/gcc/app_start.lib(memory.o) (api_notsup)
libs/gcc/app_start.lib(ql_main.o)
                              build\gcc\obj/ril/src/ril_atResponse.o (Ql_sscanf)
libs/gcc/app_start.lib(ril_aux.o)
                              build\gcc\obj/custom/config/sys_config.o (proc_reserved2)
libs/gcc/app_start.lib(ril_main.o)
                              build\gcc\obj/example/example_tcpclient.o (Ql_RIL_Initialize)
libs/gcc/app_start.lib(stdlib_func.o)
                              build\gcc\obj/ril/src/ril_atResponse.o (Ql_strncpy)
libs/gcc/app_start.lib(system.o)
                              build\gcc\obj/example/example_tcpclient.o (Ql_Sleep)
libs/gcc/app_start.lib(taskMngt.o)
                              build\gcc\obj/example/example_tcpclient.o (Ql_OS_GetMessage)
libs/gcc/app_start.lib(time.o)
                              build\gcc\obj/example/example_tcpclient.o (Ql_GetLocalTime)
libs/gcc/app_start.lib(timer.o)
                              build\gcc\obj/example/example_tcpclient.o (Ql_Timer_Register)
libs/gcc/app_start.lib(uart.o)
                              build\gcc\obj/example/example_tcpclient.o (Ql_UART_Register)
libs/gcc/app_start.lib(ocpu_init.o)
                              libs/gcc/app_start.lib(ql_main.o) (_OCPU_InitUserMem)
tools\gcc\win\gcc-arm-none-eabi/arm-none-eabi/lib/armv7e-m/fpu/libc.a(lib_a-atoi.o)
                              build\gcc\obj/ril/src/ril_system.o (atoi)
tools\gcc\win\gcc-arm-none-eabi/arm-none-eabi/lib/armv7e-m/fpu/libc.a(lib_a-memcpy.o)
                              build\gcc\obj/ril/src/ril_system.o (memcpy)
tools\gcc\win\gcc-arm-none-eabi/arm-none-eabi/lib/armv7e-m/fpu/libc.a(lib_a-memset.o)
                              libs/gcc/app_start.lib(ql_main.o) (memset)
tools\gcc\win\gcc-arm-none-eabi/arm-none-eabi/lib/armv7e-m/fpu/libc.a(lib_a-strchr.o)
                              build\gcc\obj/ril/src/ril_system.o (strchr)
tools\gcc\win\gcc-arm-none-eabi/arm-none-eabi/lib/armv7e-m/fpu/libc.a(lib_a-strcpy.o)
                              build\gcc\obj/ril/src/ril_system.o (strcpy)
tools\gcc\win\gcc-arm-none-eabi/arm-none-eabi/lib/armv7e-m/fpu/libc.a(lib_a-strlen.o)
                              build\gcc\obj/ril/src/ril_system.o (strlen)
tools\gcc\win\gcc-arm-none-eabi/arm-none-eabi/lib/armv7e-m/fpu/libc.a(lib_a-strncpy.o)
                              build\gcc\obj/ril/src/ril_system.o (strncpy)
tools\gcc\win\gcc-arm-none-eabi/arm-none-eabi/lib/armv7e-m/fpu/libc.a(lib_a-strsep.o)
                              build\gcc\obj/ril/src/ril_system.o (strsep)
tools\gcc\win\gcc-arm-none-eabi/arm-none-eabi/lib/armv7e-m/fpu/libc.a(lib_a-strtok.o)
                              build\gcc\obj/ril/src/ril_system.o (strtok)
tools\gcc\win\gcc-arm-none-eabi/arm-none-eabi/lib/armv7e-m/fpu/libc.a(lib_a-strtok_r.o)
                              tools\gcc\win\gcc-arm-none-eabi/arm-none-eabi/lib/armv7e-m/fpu/libc.a(lib_a-strsep.o) (__strtok_r)
tools\gcc\win\gcc-arm-none-eabi/arm-none-eabi/lib/armv7e-m/fpu/libc.a(lib_a-strtol.o)
                              tools\gcc\win\gcc-arm-none-eabi/arm-none-eabi/lib/armv7e-m/fpu/libc.a(lib_a-atoi.o) (_strtol_r)
tools\gcc\win\gcc-arm-none-eabi/arm-none-eabi/lib/armv7e-m/fpu/libc.a(lib_a-ctype_.o)
                              tools\gcc\win\gcc-arm-none-eabi/arm-none-eabi/lib/armv7e-m/fpu/libc.a(lib_a-strtol.o) (__ctype_ptr__)
tools\gcc\win\gcc-arm-none-eabi/arm-none-eabi/lib/armv7e-m/fpu/libc.a(lib_a-impure.o)
                              tools\gcc\win\gcc-arm-none-eabi/arm-none-eabi/lib/armv7e-m/fpu/libc.a(lib_a-strtok.o) (_impure_ptr)

Discarded input sections

 .text          0x00000000        0x0 build\gcc\obj/custom/config/custom_sys_cfg.o
 .data          0x00000000        0x0 build\gcc\obj/custom/config/custom_sys_cfg.o
 .bss           0x00000000        0x0 build\gcc\obj/custom/config/custom_sys_cfg.o
 .text.Ql_WTD_GetWDIPinCfg
                0x00000000        0x8 build\gcc\obj/custom/config/custom_sys_cfg.o
 .text          0x00000000        0x0 build\gcc\obj/custom/config/sys_config.o
 .data          0x00000000        0x0 build\gcc\obj/custom/config/sys_config.o
 .bss           0x00000000        0x0 build\gcc\obj/custom/config/sys_config.o
 .text          0x00000000        0x0 build\gcc\obj/ril/src/ril_atResponse.o
 .data          0x00000000        0x0 build\gcc\obj/ril/src/ril_atResponse.o
 .bss           0x00000000        0x0 build\gcc\obj/ril/src/ril_atResponse.o
 .text.Ql_RIL_AT_GetErrCode
                0x00000000        0xc build\gcc\obj/ril/src/ril_atResponse.o
 .text          0x00000000        0x0 build\gcc\obj/ril/src/ril_dfota.o
[...]
Memory Configuration

Name             Origin             Length             Attributes
ROM              0x08292040         0x00032000         xr
RAM              0x001e7000         0x00019000         xrw
*default*        0x00000000         0xffffffff

Linker script and memory map

                0x08292040                . = 0x8292040

.initdata       0x08292040       0x2c
                0x08292040                . = ALIGN (0x4)
 *(.initdata)
 .initdata      0x08292040       0x2c libs/gcc/app_start.lib(ql_main.o)
                0x08292040                GADLENTRY

text            0x0829206c     0x5890
                0x0829206c                . = ALIGN (0x4)
 *(.text.*)
 .text.Ql_RIL_AT_SetErrCode
                0x0829206c        0xc build\gcc\obj/ril/src/ril_atResponse.o
                0x0829206c                Ql_RIL_AT_SetErrCode
 .text.Default_atRsp_callback
                0x08292078       0xec build\gcc\obj/ril/src/ril_atResponse.o
                0x08292078                Default_atRsp_callback
 .text.DFOTA_Analysis
                0x08292164      0x104 build\gcc\obj/ril/src/ril_dfota.o
                0x08292164                DFOTA_Analysis
 .text.Dfota_Upgrade_States
                0x08292268        0x2 build\gcc\obj/ril/src/ril_dfota.o
                0x08292268                Dfota_Upgrade_States
 .text.RIL_GetInitCmdCnt
                0x0829226a        0x4 build\gcc\obj/ril/src/ril_init.o
                0x0829226a                RIL_GetInitCmdCnt
 .text.RIL_GetLimitedCmdCnt
                0x0829226e        0x4 build\gcc\obj/ril/src/ril_init.o
                0x0829226e                RIL_GetLimitedCmdCnt
 *fill*         0x08292272        0x2 
 .text.ATResponse_CEREG_Handler
                0x08292274       0x84 build\gcc\obj/ril/src/ril_network.o
 .text.RIL_SIM_GetSimStateByName
                0x082922f8       0xc8 build\gcc\obj/ril/src/ril_network.o
                0x082922f8                RIL_SIM_GetSimStateByName
 .text.RIL_NW_GetEGPRSState
                0x082923c0       0x4c build\gcc\obj/ril/src/ril_network.o
                0x082923c0                RIL_NW_GetEGPRSState
 .text.ATRsp_Soc_Qiopen_Handler
                0x0829240c       0xd4 build\gcc\obj/ril/src/ril_socket.o
 .text.ATRsp_Soc_Qird_Handler
                0x082924e0      0x15c build\gcc\obj/ril/src/ril_socket.o
 .text.ATRsp_Soc_Qisend_Handler
                0x0829263c       0x5c build\gcc\obj/ril/src/ril_socket.o
 .text.ATResponse_Handler
                0x08292698       0x5c build\gcc\obj/ril/src/ril_socket.o
 .text.ATRsp_Soc_Qiclose_Handler
                0x082926f4       0x4c build\gcc\obj/ril/src/ril_socket.o
 .text.RIL_SOC_QISENDEX
                0x08292740       0x74 build\gcc\obj/ril/src/ril_socket.o
                0x08292740                RIL_SOC_QISENDEX
 .text.RIL_SOC_QIRD
                0x082927b4       0xb8 build\gcc\obj/ril/src/ril_socket.o
                0x082927b4                RIL_SOC_QIRD
 .text.RIL_SOC_QICFG_FORMAT
                0x0829286c       0x50 build\gcc\obj/ril/src/ril_socket.o
                0x0829286c                RIL_SOC_QICFG_FORMAT
 .text.RIL_SOC_QIOPEN
                0x082928bc      0x124 build\gcc\obj/ril/src/ril_socket.o
                0x082928bc                RIL_SOC_QIOPEN
 .text.RIL_SOC_QICLOSE
                0x082929e0       0x4c build\gcc\obj/ril/src/ril_socket.o
                0x082929e0                RIL_SOC_QICLOSE
 .text.ATRsp_IMEI_Handler
                0x08292a2c       0x88 build\gcc\obj/ril/src/ril_system.o
 .text.ATRsp_IMSI_Handler
                0x08292ab4       0x7c build\gcc\obj/ril/src/ril_system.o
 .text.ATRsp_ICCID_Handler
                0x08292b30       0x7c build\gcc\obj/ril/src/ril_system.o
 .text.ATRsp_NTP_Handler
                0x08292bac       0x78 build\gcc\obj/ril/src/ril_system.o
 .text.ATRsp_CSQ_Handler
                0x08292c24       0x78 build\gcc\obj/ril/src/ril_system.o
 .text.RIL_GetIMEI
                0x08292c9c       0x4c build\gcc\obj/ril/src/ril_system.o
                0x08292c9c                RIL_GetIMEI
 .text.RIL_GetIMSI
                0x08292ce8       0x48 build\gcc\obj/ril/src/ril_system.o
                0x08292ce8                RIL_GetIMSI
 .text.RIL_GetICCID
                0x08292d30       0x48 build\gcc\obj/ril/src/ril_system.o
                0x08292d30                RIL_GetICCID
 .text.RIL_GetCSQ
                0x08292d78       0x44 build\gcc\obj/ril/src/ril_system.o
                0x08292d78                RIL_GetCSQ
 .text.RIL_GetNtpTime
                0x08292dbc       0x5c build\gcc\obj/ril/src/ril_system.o
                0x08292dbc                RIL_GetNtpTime
 .text.open_socket_rd_param_parse_cmd
                0x08292e18      0x160 build\gcc\obj/ril/src/ril_system.o
                0x08292e18                open_socket_rd_param_parse_cmd
 .text.QSDK_Get_Str
                0x08292f78       0x78 build\gcc\obj/ril/src/ril_system.o
                0x08292f78                QSDK_Get_Str
 .text.open_socket_push_json_param_parse_cmd
                0x08292ff0      0x128 build\gcc\obj/ril/src/ril_system.o
                0x08292ff0                open_socket_push_json_param_parse_cmd
 .text.open_lwm2m_param_parse_cmd
                0x08293118      0x130 build\gcc\obj/ril/src/ril_system.o
                0x08293118                open_lwm2m_param_parse_cmd
 .text.open_onenet_push_param_parse_cmd
                0x08293248      0x170 build\gcc\obj/ril/src/ril_system.o
                0x08293248                open_onenet_push_param_parse_cmd
 .text.OnURCHandler_DFOTA_Hander
                0x082933b8       0x3c build\gcc\obj/ril/src/ril_urc.o
 .text.OnURCHandler_ONENET_EXECUTE
                0x082933f4      0x104 build\gcc\obj/ril/src/ril_urc.o
 .text.OnURCHandler_ONENET_READ
                0x082934f8       0xdc build\gcc\obj/ril/src/ril_urc.o
 .text.OnURCHandler_ONENET_DISCOVER
                0x082935d4       0xac build\gcc\obj/ril/src/ril_urc.o
 .text.OnURCHandler_ONENET_OBSERVER
                0x08293680       0xf0 build\gcc\obj/ril/src/ril_urc.o
 .text.OnURCHandler_ONENET_EVENT
                0x08293770       0xf8 build\gcc\obj/ril/src/ril_urc.o
 .text.OnURCHandler_LwM2M_OBSERVE
                0x08293868       0xc4 build\gcc\obj/ril/src/ril_urc.o
 .text.OnURCHandler_NbiotEvent
                0x0829392c       0x3c build\gcc\obj/ril/src/ril_urc.o
 .text.OnURCHandler_CFUN
                0x08293968       0x70 build\gcc\obj/ril/src/ril_urc.o
 .text.OnURCHandler_Network
                0x082939d8       0x80 build\gcc\obj/ril/src/ril_urc.o
 .text.OnURCHandler_ONENET_WRITE
                0x08293a58      0x14c build\gcc\obj/ril/src/ril_urc.o
 .text.OnURCHandler_LwM2M_RECV_DATA
                0x08293ba4       0xec build\gcc\obj/ril/src/ril_urc.o
 .text.OnURCHandler_QIURC_DATA
                0x08293c90      0x160 build\gcc\obj/ril/src/ril_urc.o
 .text.OnURCHandler_SIM
                0x08293df0       0x90 build\gcc\obj/ril/src/ril_urc.o
 .text.OnURCHandler
                0x08293e80       0x70 build\gcc\obj/ril/src/ril_urc.o
                0x08293e80                OnURCHandler
 .text.Ql_RIL_IsURCStr
                0x08293ef0       0x40 build\gcc\obj/ril/src/ril_urc.o
                0x08293ef0                Ql_RIL_IsURCStr
 .text.Ql_StrPrefixMatch
                0x08293f30       0x28 build\gcc\obj/ril/src/ril_util.o
                0x08293f30                Ql_StrPrefixMatch
 .text.Ql_StrToUpper
                0x08293f58       0x28 build\gcc\obj/ril/src/ril_util.o
                0x08293f58                Ql_StrToUpper
 .text.Ql_HexStrToInt
                0x08293f80       0x4c build\gcc\obj/ril/src/ril_util.o
                0x08293f80                Ql_HexStrToInt
 .text.Ql_RIL_FindString
                0x08293fcc       0x50 build\gcc\obj/ril/src/ril_util.o
                0x08293fcc                Ql_RIL_FindString
 .text.Ql_RIL_FindLine
                0x0829401c      0x154 build\gcc\obj/ril/src/ril_util.o
                0x0829401c                Ql_RIL_FindLine
 .text.Callback_Ntp_Timer
                0x08294170       0xd0 build\gcc\obj/example/example_tcpclient.o
 .text.ReadSerialPort
                0x08294240       0x88 build\gcc\obj/example/example_tcpclient.o
 .text.reboot_rf
                0x082942c8       0xd8 build\gcc\obj/example/example_tcpclient.o
                0x082942c8                reboot_rf
 .text.data_buf2hex
                0x082943a0       0x34 build\gcc\obj/example/example_tcpclient.o
                0x082943a0                data_buf2hex
 .text.crc8     0x082943d4       0x38 build\gcc\obj/example/example_tcpclient.o
                0x082943d4                crc8
 .text.get_ip_from_string
                0x0829440c       0x5c build\gcc\obj/example/example_tcpclient.o
                0x0829440c                get_ip_from_string
 .text.save_ip  0x08294468       0x48 build\gcc\obj/example/example_tcpclient.o
                0x08294468                save_ip
 .text.save_parament
                0x082944b0       0x18 build\gcc\obj/example/example_tcpclient.o
                0x082944b0                save_parament
 .text.CallBack_UART_Hdlr
                0x082944c8      0x534 build\gcc\obj/example/example_tcpclient.o
 .text.usMBCRC16
                0x082949fc       0x30 build\gcc\obj/example/example_tcpclient.o
                0x082949fc                usMBCRC16
 .text.proc_send2srv
                0x08294a2c      0x628 build\gcc\obj/example/example_tcpclient.o
                0x08294a2c                proc_send2srv
 .text.restore_parament
                0x08295054       0xf4 build\gcc\obj/example/example_tcpclient.o
                0x08295054                restore_parament
 .text.print_list
                0x08295148       0xd0 build\gcc\obj/example/example_tcpclient.o
                0x08295148                print_list
 .text.get_ip   0x08295218       0xf0 build\gcc\obj/example/example_tcpclient.o
                0x08295218                get_ip
 .text.change_next_ip
                0x08295308       0x30 build\gcc\obj/example/example_tcpclient.o
                0x08295308                change_next_ip
 .text.proc_tcp_network
                0x08295338      0x444 build\gcc\obj/example/example_tcpclient.o
                0x08295338                proc_tcp_network
 .text.cmp6     0x0829577c       0x1a build\gcc\obj/example/example_tcpclient.o
                0x0829577c                cmp6
 *fill*         0x08295796        0x2 
 .text.exchange
                0x08295798       0x28 build\gcc\obj/example/example_tcpclient.o
                0x08295798                exchange
 .text.insert_list
                0x082957c0      0x13c build\gcc\obj/example/example_tcpclient.o
                0x082957c0                insert_list
 .text.proc_cmd
                0x082958fc      0x1d8 build\gcc\obj/example/example_tcpclient.o
                0x082958fc                proc_cmd
 .text.imsi2bcd
                0x08295ad4       0xe4 build\gcc\obj/example/example_tcpclient.o
                0x08295ad4                imsi2bcd
 .text.iccid2bcd
                0x08295bb8       0x74 build\gcc\obj/example/example_tcpclient.o
                0x08295bb8                iccid2bcd
 .text.proc_main_task
                0x08295c2c      0x540 build\gcc\obj/example/example_tcpclient.o
                0x08295c2c                proc_main_task
 .text.Analyse_Command
                0x0829616c       0xec build\gcc\obj/example/utility.o
                0x0829616c                Analyse_Command
 .text.lock     0x08296258       0x1c build\gcc\obj/custom/fifo.o
                0x08296258                lock
 .text.fifo_init
                0x08296274        0xc build\gcc\obj/custom/fifo.o
                0x08296274                fifo_init
 .text.fifo_pop
                0x08296280       0x40 build\gcc\obj/custom/fifo.o
                0x08296280                fifo_pop
 .text.fifo_push
                0x082962c0       0x40 build\gcc\obj/custom/fifo.o
                0x082962c0                fifo_push
 .text.Ql_GPIO_Init
                0x08296300       0x44 libs/gcc/app_start.lib(gpio.o)
                0x08296300                Ql_GPIO_Init
 .text.Ql_GPIO_SetLevel
                0x08296344       0x38 libs/gcc/app_start.lib(gpio.o)
                0x08296344                Ql_GPIO_SetLevel
 .text.Ql_MEM_Alloc
                0x0829637c       0x44 libs/gcc/app_start.lib(memory.o)
                0x0829637c                Ql_MEM_Alloc
 .text.Ql_MEM_Free
                0x082963c0       0x40 libs/gcc/app_start.lib(memory.o)
                0x082963c0                Ql_MEM_Free
 .text.ql_InitVFunc
                0x08296400       0x7c libs/gcc/app_start.lib(ql_main.o)
                0x08296400                ql_InitVFunc
 .text.ocpu_main
                0x0829647c       0x68 libs/gcc/app_start.lib(ql_main.o)
                0x0829647c                ocpu_main
 .text.proc_reserved2
                0x082964e4       0x40 libs/gcc/app_start.lib(ril_aux.o)
                0x082964e4                proc_reserved2
 .text.ril_StopATTimer
                0x08296524       0x1c libs/gcc/app_start.lib(ril_main.o)
 .text.Callback_OnATTimer
                0x08296540       0x34 libs/gcc/app_start.lib(ril_main.o)
 .text.Ql_RIL_Initialize
                0x08296574       0x90 libs/gcc/app_start.lib(ril_main.o)
                0x08296574                Ql_RIL_Initialize
 .text.Ql_RIL_SendATCmd
                0x08296604      0x1c8 libs/gcc/app_start.lib(ril_main.o)
                0x08296604                Ql_RIL_SendATCmd
 .text.str_seacher_with
                0x082967cc       0x58 libs/gcc/app_start.lib(ril_main.o)
                0x082967cc                str_seacher_with
 .text.proc_reserved1
                0x08296824      0x340 libs/gcc/app_start.lib(ril_main.o)
                0x08296824                proc_reserved1
 .text.Ql_strncpy
                0x08296b64       0x50 libs/gcc/app_start.lib(stdlib_func.o)
                0x08296b64                Ql_strncpy
 .text.Ql_strlen
                0x08296bb4       0x44 libs/gcc/app_start.lib(stdlib_func.o)
                0x08296bb4                Ql_strlen
 .text.Ql_strncmp
                0x08296bf8       0x3c libs/gcc/app_start.lib(stdlib_func.o)
                0x08296bf8                Ql_strncmp
 .text.Ql_memset
                0x08296c34       0x50 libs/gcc/app_start.lib(stdlib_func.o)
                0x08296c34                Ql_memset
 .text.Ql_memcpy
                0x08296c84       0x50 libs/gcc/app_start.lib(stdlib_func.o)
                0x08296c84                Ql_memcpy
 .text.Ql_memcmp
                0x08296cd4       0x3c libs/gcc/app_start.lib(stdlib_func.o)
                0x08296cd4                Ql_memcmp
 .text.Ql_strstr
                0x08296d10       0x48 libs/gcc/app_start.lib(stdlib_func.o)
                0x08296d10                Ql_strstr
 .text.Ql_strchr
                0x08296d58       0x48 libs/gcc/app_start.lib(stdlib_func.o)
                0x08296d58                Ql_strchr
 .text.Ql_toupper
                0x08296da0        0x4 libs/gcc/app_start.lib(stdlib_func.o)
                0x08296da0                Ql_toupper
 .text.Ql_atoi  0x08296da4       0x4e libs/gcc/app_start.lib(stdlib_func.o)
                0x08296da4                Ql_atoi
 *fill*         0x08296df2        0x2 
 .text.Ql_Sleep
                0x08296df4       0x40 libs/gcc/app_start.lib(system.o)
                0x08296df4                Ql_Sleep
 .text.Ql_GetvFunc_Init_Status
                0x08296e34       0x28 libs/gcc/app_start.lib(system.o)
                0x08296e34                Ql_GetvFunc_Init_Status
 .text.Ql_GetSDKVer
                0x08296e5c       0x38 libs/gcc/app_start.lib(system.o)
                0x08296e5c                Ql_GetSDKVer
 .text.Ql_OS_GetMessage
                0x08296e94       0x34 libs/gcc/app_start.lib(taskMngt.o)
                0x08296e94                Ql_OS_GetMessage
 .text.Ql_OS_SendMessage
                0x08296ec8       0x44 libs/gcc/app_start.lib(taskMngt.o)
                0x08296ec8                Ql_OS_SendMessage
 .text.Ql_OS_CreateMutex
                0x08296f0c       0x28 libs/gcc/app_start.lib(taskMngt.o)
                0x08296f0c                Ql_OS_CreateMutex
 .text.Ql_OS_TakeMutex
                0x08296f34       0x30 libs/gcc/app_start.lib(taskMngt.o)
                0x08296f34                Ql_OS_TakeMutex
 .text.Ql_OS_GiveMutex
                0x08296f64       0x2c libs/gcc/app_start.lib(taskMngt.o)
                0x08296f64                Ql_OS_GiveMutex
 .text.Ql_OS_CreateEvent
                0x08296f90       0x28 libs/gcc/app_start.lib(taskMngt.o)
                0x08296f90                Ql_OS_CreateEvent
 .text.Ql_OS_WaitEvent
                0x08296fb8       0x3c libs/gcc/app_start.lib(taskMngt.o)
                0x08296fb8                Ql_OS_WaitEvent
 .text.Ql_OS_SetEvent
                0x08296ff4       0x38 libs/gcc/app_start.lib(taskMngt.o)
                0x08296ff4                Ql_OS_SetEvent
 .text.Ql_ril_request_command
                0x0829702c       0x34 libs/gcc/app_start.lib(taskMngt.o)
                0x0829702c                Ql_ril_request_command
 .text.Ql_SecureData_Store
                0x08297060       0x34 libs/gcc/app_start.lib(taskMngt.o)
                0x08297060                Ql_SecureData_Store
 .text.Ql_SecureData_Read
                0x08297094       0x34 libs/gcc/app_start.lib(taskMngt.o)
                0x08297094                Ql_SecureData_Read
 .text.Ql_GetLocalTime
                0x082970c8       0x2c libs/gcc/app_start.lib(time.o)
                0x082970c8                Ql_GetLocalTime
 .text.Ql_Mktime
                0x082970f4       0x30 libs/gcc/app_start.lib(time.o)
                0x082970f4                Ql_Mktime
 .text.Ql_Timer_Register
                0x08297124       0x3c libs/gcc/app_start.lib(timer.o)
                0x08297124                Ql_Timer_Register
 .text.Ql_Timer_Start
                0x08297160       0x3c libs/gcc/app_start.lib(timer.o)
                0x08297160                Ql_Timer_Start
 .text.Ql_Timer_Stop
                0x0829719c       0x34 libs/gcc/app_start.lib(timer.o)
                0x0829719c                Ql_Timer_Stop
 .text.Ql_UART_Register
                0x082971d0       0x3c libs/gcc/app_start.lib(uart.o)
                0x082971d0                Ql_UART_Register
 .text.Ql_UART_Open
                0x0829720c       0x3c libs/gcc/app_start.lib(uart.o)
                0x0829720c                Ql_UART_Open
 .text.Ql_UART_Write
                0x08297248       0x3c libs/gcc/app_start.lib(uart.o)
                0x08297248                Ql_UART_Write
 .text.Ql_UART_Read
                0x08297284       0x3c libs/gcc/app_start.lib(uart.o)
                0x08297284                Ql_UART_Read
 .text.atoi     0x082972c0        0x8 tools\gcc\win\gcc-arm-none-eabi/arm-none-eabi/lib/armv7e-m/fpu/libc.a(lib_a-atoi.o)
                0x082972c0                atoi
 .text.memset   0x082972c8       0x94 tools\gcc\win\gcc-arm-none-eabi/arm-none-eabi/lib/armv7e-m/fpu/libc.a(lib_a-memset.o)
                0x082972c8                memset
 .text.strchr   0x0829735c       0xf4 tools\gcc\win\gcc-arm-none-eabi/arm-none-eabi/lib/armv7e-m/fpu/libc.a(lib_a-strchr.o)
                0x0829735c                strchr
 .text.strcpy   0x08297450       0xbc tools\gcc\win\gcc-arm-none-eabi/arm-none-eabi/lib/armv7e-m/fpu/libc.a(lib_a-strcpy.o)
                0x08297450                strcpy
 .text.strlen   0x0829750c       0x60 tools\gcc\win\gcc-arm-none-eabi/arm-none-eabi/lib/armv7e-m/fpu/libc.a(lib_a-strlen.o)
                0x0829750c                strlen
 .text.strncpy  0x0829756c       0x64 tools\gcc\win\gcc-arm-none-eabi/arm-none-eabi/lib/armv7e-m/fpu/libc.a(lib_a-strncpy.o)
                0x0829756c                strncpy
 .text.strsep   0x082975d0        0xc tools\gcc\win\gcc-arm-none-eabi/arm-none-eabi/lib/armv7e-m/fpu/libc.a(lib_a-strsep.o)
                0x082975d0                strsep
 .text.strtok   0x082975dc       0x10 tools\gcc\win\gcc-arm-none-eabi/arm-none-eabi/lib/armv7e-m/fpu/libc.a(lib_a-strtok.o)
                0x082975dc                strtok
 .text.__strtok_r
                0x082975ec       0x64 tools\gcc\win\gcc-arm-none-eabi/arm-none-eabi/lib/armv7e-m/fpu/libc.a(lib_a-strtok_r.o)
                0x082975ec                __strtok_r
 .text._strtol_r
                0x08297650      0x114 tools\gcc\win\gcc-arm-none-eabi/arm-none-eabi/lib/armv7e-m/fpu/libc.a(lib_a-strtol.o)
                0x08297650                _strtol_r
 .text.strtol   0x08297764       0x18 tools\gcc\win\gcc-arm-none-eabi/arm-none-eabi/lib/armv7e-m/fpu/libc.a(lib_a-strtol.o)
                0x08297764                strtol
 *(.text)
 .text          0x0829777c       0x4c libs/gcc/app_start.lib(ocpu_init.o)
                0x08297790                _OCPU_InitUserMem
 .text          0x082977c8      0x134 tools\gcc\win\gcc-arm-none-eabi/arm-none-eabi/lib/armv7e-m/fpu/libc.a(lib_a-memcpy.o)
                0x082977c8                memcpy

.glue_7         0x082978fc        0x0
 .glue_7        0x00000000        0x0 linker stubs

.glue_7t        0x082978fc        0x0
 .glue_7t       0x00000000        0x0 linker stubs

.vfp11_veneer   0x082978fc        0x0
 .vfp11_veneer  0x00000000        0x0 linker stubs

.v4_bx          0x082978fc        0x0
 .v4_bx         0x00000000        0x0 linker stubs

.iplt           0x082978fc        0x0
 .iplt          0x00000000        0x0 build\gcc\obj/custom/config/custom_sys_cfg.o

.rodata         0x082978fc       0x37
                0x082978fc                . = ALIGN (0x4)
 *(.rodata)
 .rodata        0x082978fc        0xb build\gcc\obj/ril/src/ril_network.o
 .rodata        0x08297907       0x16 libs/gcc/app_start.lib(ql_main.o)
 .rodata        0x0829791d       0x16 libs/gcc/app_start.lib(system.o)
                0x08298d0c                __data_load = LOADADDR (.data)

.rodata.wtdCfg  0x08297933        0x2
 .rodata.wtdCfg
                0x08297933        0x2 build\gcc\obj/custom/config/custom_sys_cfg.o

.rodata.appEnableCfg
                0x08297938        0x4
 .rodata.appEnableCfg
                0x08297938        0x4 build\gcc\obj/custom/config/custom_sys_cfg.o

.rodata.debugPortCfg
                0x0829793c        0x1
 .rodata.debugPortCfg
                0x0829793c        0x1 build\gcc\obj/custom/config/custom_sys_cfg.o

.rodata.debugPortSet
                0x0829793d        0x2
 .rodata.debugPortSet
                0x0829793d        0x2 build\gcc\obj/custom/config/custom_sys_cfg.o

.rodata.SystemCfg
                0x08297940       0x3c
 .rodata.SystemCfg
                0x08297940       0x3c build\gcc\obj/custom/config/custom_sys_cfg.o
                0x08297940                SystemCfg

.rodata.GpioConfigTbl
                0x0829797c        0x4
 .rodata.GpioConfigTbl
                0x0829797c        0x4 build\gcc\obj/custom/config/sys_config.o
                0x0829797c                GpioConfigTbl

.rodata.TaskConfig
                0x08297980       0x78
 .rodata.TaskConfig
                0x08297980       0x78 build\gcc\obj/custom/config/sys_config.o
                0x08297980                TaskConfig

.rodata.str1.1  0x082979f8      0xefc
 .rodata.str1.1
                0x082979f8       0x49 build\gcc\obj/ril/src/ril_atResponse.o
                                 0x52 (size before relaxing)
 .rodata.str1.1
                0x08297a41       0x4e build\gcc\obj/ril/src/ril_dfota.o
 .rodata.str1.1
                0x08297a8f       0x2c build\gcc\obj/ril/src/ril_init.o
 .rodata.str1.1
                0x08297abb       0x63 build\gcc\obj/ril/src/ril_network.o
                                 0x8e (size before relaxing)
 .rodata.str1.1
                0x08297b1e      0x109 build\gcc\obj/ril/src/ril_socket.o
                                0x12f (size before relaxing)
 .rodata.str1.1
                0x08297c27       0x8b build\gcc\obj/ril/src/ril_system.o
                                 0xa5 (size before relaxing)
 .rodata.str1.1
                0x08297cb2      0x10d build\gcc\obj/ril/src/ril_urc.o
                                0x110 (size before relaxing)
 .rodata.str1.1
                0x08297dbf       0x11 build\gcc\obj/ril/src/ril_util.o
                                 0x16 (size before relaxing)
 .rodata.str1.1
                0x08297dd0      0x726 build\gcc\obj/example/example_tcpclient.o
                                0x72a (size before relaxing)
 .rodata.str1.1
                0x082984f6        0x4 build\gcc\obj/example/utility.o
                                  0xb (size before relaxing)
 .rodata.str1.1
                0x082984fa       0x81 libs/gcc/app_start.lib(gpio.o)
 .rodata.str1.1
                0x0829857b       0x19 libs/gcc/app_start.lib(memory.o)
 .rodata.str1.1
                0x08298594       0x1a libs/gcc/app_start.lib(ql_main.o)
 .rodata.str1.1
                0x082985ae        0x8 libs/gcc/app_start.lib(ril_main.o)
                                 0x11 (size before relaxing)
 .rodata.str1.1
                0x082985b6       0xa1 libs/gcc/app_start.lib(stdlib_func.o)
 .rodata.str1.1
                0x08298657       0x2a libs/gcc/app_start.lib(system.o)
 .rodata.str1.1
                0x08298681      0x197 libs/gcc/app_start.lib(taskMngt.o)
 .rodata.str1.1
                0x08298818       0x41 libs/gcc/app_start.lib(time.o)
 .rodata.str1.1
                0x08298859       0x45 libs/gcc/app_start.lib(timer.o)
 .rodata.str1.1
                0x0829889e       0x56 libs/gcc/app_start.lib(uart.o)

.rodata.m_AtURCHdlEntry
                0x082988f4      0x230
 .rodata.m_AtURCHdlEntry
                0x082988f4      0x230 build\gcc\obj/ril/src/ril_urc.o

.rodata.m_SysURCHdlEntry
                0x08298b24       0xe0
 .rodata.m_SysURCHdlEntry
                0x08298b24       0xe0 build\gcc\obj/ril/src/ril_urc.o

.rodata._ctype_
                0x08298c04      0x104
 .rodata._ctype_
                0x08298c04      0x104 tools\gcc\win\gcc-arm-none-eabi/arm-none-eabi/lib/armv7e-m/fpu/libc.a(lib_a-ctype_.o)
                0x08298c04                _ctype_

.rodata.str1.4  0x08298d08        0x4
 .rodata.str1.4
                0x08298d08        0x4 tools\gcc\win\gcc-arm-none-eabi/arm-none-eabi/lib/armv7e-m/fpu/libc.a(lib_a-impure.o)

.rel.dyn        0x08298d0c        0x0
 .rel.iplt      0x00000000        0x0 build\gcc\obj/custom/config/custom_sys_cfg.o

.data           0x001e7000      0x52c load address 0x08298d0c
                0x001e7000                __data_start = .
                0x001e7000                . = ALIGN (0x4)
 *(.data.*)
 .data.g_InitCmds
                0x001e7000        0xc build\gcc\obj/ril/src/ril_init.o
                0x001e7000                g_InitCmds
 .data.g_LimitedCmds
                0x001e700c        0x4 build\gcc\obj/ril/src/ril_init.o
                0x001e700c                g_LimitedCmds
 .data.g_LWM2M_RECV_DATA_MODE
                0x001e7010        0x1 build\gcc\obj/ril/src/ril_lwm2m.o
                0x001e7010                g_LWM2M_RECV_DATA_MODE
 *fill*         0x001e7011        0x3 
 .data.m_SrvPort
                0x001e7014        0x4 build\gcc\obj/example/example_tcpclient.o
 .data.sending  0x001e7018        0x1 build\gcc\obj/example/example_tcpclient.o
                0x001e7018                sending
 .data.send485  0x001e7019        0x1 build\gcc\obj/example/example_tcpclient.o
                0x001e7019                send485
 .data.parament
                0x001e701a       0x42 build\gcc\obj/example/example_tcpclient.o
                0x001e701a                parament
 .data.first    0x001e705c        0x1 build\gcc\obj/example/example_tcpclient.o
                0x001e705c                first
 .data.m_mast_ip
                0x001e705d       0x20 build\gcc\obj/example/example_tcpclient.o
 .data.net_ok   0x001e707d        0x1 build\gcc\obj/example/example_tcpclient.o
                0x001e707d                net_ok
 .data.m_SrvADDR
                0x001e707e       0x20 build\gcc\obj/example/example_tcpclient.o
 *fill*         0x001e709e        0x2 
 .data.m_socketid
                0x001e70a0        0x4 build\gcc\obj/example/example_tcpclient.o
 .data.command_read
                0x001e70a4        0x8 build\gcc\obj/example/example_tcpclient.o
 .data.m_SrvADDR_mast
                0x001e70ac       0x20 build\gcc\obj/example/example_tcpclient.o
 .data.contron  0x001e70cc        0x1 build\gcc\obj/example/example_tcpclient.o
                0x001e70cc                contron
 .data.api_notsup
                0x001e70cd       0x18 libs/gcc/app_start.lib(ql_func.o)
                0x001e70cd                api_notsup
 *fill*         0x001e70e5        0x3 
 .data.g_ril_auxTaskId
                0x001e70e8        0x4 libs/gcc/app_start.lib(ril_aux.o)
                0x001e70e8                g_ril_auxTaskId
 .data.m_atTimer
                0x001e70ec        0xc libs/gcc/app_start.lib(ril_main.o)
 .data.m_thisTaskId
                0x001e70f8        0x4 libs/gcc/app_start.lib(ril_main.o)
 .data.__ctype_ptr__
                0x001e70fc        0x4 tools\gcc\win\gcc-arm-none-eabi/arm-none-eabi/lib/armv7e-m/fpu/libc.a(lib_a-ctype_.o)
                0x001e70fc                __ctype_ptr__
 .data.impure_data
                0x001e7100      0x428 tools\gcc\win\gcc-arm-none-eabi/arm-none-eabi/lib/armv7e-m/fpu/libc.a(lib_a-impure.o)
 .data._impure_ptr
                0x001e7528        0x4 tools\gcc\win\gcc-arm-none-eabi/arm-none-eabi/lib/armv7e-m/fpu/libc.a(lib_a-impure.o)
                0x001e7528                _impure_ptr
 *(.data)
                0x001e752c                _edata = .

.igot.plt       0x001e752c        0x0 load address 0x08299238
 .igot.plt      0x00000000        0x0 build\gcc\obj/custom/config/custom_sys_cfg.o

.bss            0x001e752c     0x1d78 load address 0x08299238
                0x001e752c                __bss_start__ = .
                0x001e752c                . = ALIGN (0x4)
 *(.bss)
 *(.bss.*)
 .bss.m_iErrCode
                0x001e752c        0x4 build\gcc\obj/ril/src/ril_atResponse.o
 .bss.g_ONENET_PUSH_RECV_MODE
                0x001e7530        0x1 build\gcc\obj/ril/src/ril_onenet.o
                0x001e7530                g_ONENET_PUSH_RECV_MODE
 .bss.recv_data_format
                0x001e7531        0x1 build\gcc\obj/ril/src/ril_socket.o
                0x001e7531                recv_data_format
 .bss.send_data_format
                0x001e7532        0x1 build\gcc\obj/ril/src/ril_socket.o
                0x001e7532                send_data_format
 *fill*         0x001e7533        0x1 
 .bss.onenet_urc_param
                0x001e7534      0x4ec build\gcc\obj/ril/src/ril_urc.o
                0x001e7534                onenet_urc_param
 .bss.lwm2m_urc_param
                0x001e7a20      0x4c8 build\gcc\obj/ril/src/ril_urc.o
                0x001e7a20                lwm2m_urc_param
 .bss.socket_recv_param
                0x001e7ee8      0x4bc build\gcc\obj/ril/src/ril_urc.o
                0x001e7ee8                socket_recv_param
 .bss.recv_remain_length
                0x001e83a4        0x4 build\gcc\obj/example/example_tcpclient.o
                0x001e83a4                recv_remain_length
 .bss.count_1000s.4575
                0x001e83a8        0x1 build\gcc\obj/example/example_tcpclient.o
 .bss.imei      0x001e83a9       0x20 build\gcc\obj/example/example_tcpclient.o
                0x001e83a9                imei
 .bss.cereg_count.4583
                0x001e83c9        0x1 build\gcc\obj/example/example_tcpclient.o
 .bss.send_buffer_hex
                0x001e83ca      0x200 build\gcc\obj/example/example_tcpclient.o
 .bss.rssi      0x001e85ca        0x1 build\gcc\obj/example/example_tcpclient.o
                0x001e85ca                rssi
 .bss.ack_len   0x001e85cb        0x1 build\gcc\obj/example/example_tcpclient.o
                0x001e85cb                ack_len
 .bss.pbuf      0x001e85cc        0x4 build\gcc\obj/example/example_tcpclient.o
                0x001e85cc                pbuf
 .bss.recv_actual_length
                0x001e85d0        0x4 build\gcc\obj/example/example_tcpclient.o
                0x001e85d0                recv_actual_length
 .bss.time      0x001e85d4       0x1c build\gcc\obj/example/example_tcpclient.o
 .bss.ip_saved  0x001e85f0       0x19 build\gcc\obj/example/example_tcpclient.o
 *fill*         0x001e8609        0x3 
 .bss.socket_recv_param_ptr
                0x001e860c        0x4 build\gcc\obj/example/example_tcpclient.o
                0x001e860c                socket_recv_param_ptr
 .bss.iccid     0x001e8610       0x20 build\gcc\obj/example/example_tcpclient.o
                0x001e8610                iccid
 .bss.string_len
                0x001e8630        0x1 build\gcc\obj/example/example_tcpclient.o
 .bss.flag_resp
                0x001e8631        0x1 build\gcc\obj/example/example_tcpclient.o
 .bss.ip_err_count.4581
                0x001e8632        0x1 build\gcc\obj/example/example_tcpclient.o
 *fill*         0x001e8633        0x1 
 .bss.data_fifo
                0x001e8634        0x4 build\gcc\obj/example/example_tcpclient.o
 .bss.tcp_network_enable
                0x001e8638        0x1 build\gcc\obj/example/example_tcpclient.o
                0x001e8638                tcp_network_enable
 .bss.gpioLvl   0x001e8639        0x1 build\gcc\obj/example/example_tcpclient.o
                0x001e8639                gpioLvl
 .bss.imsi_bcd  0x001e863a        0x8 build\gcc\obj/example/example_tcpclient.o
                0x001e863a                imsi_bcd
 .bss.imsi      0x001e8642       0x20 build\gcc\obj/example/example_tcpclient.o
                0x001e8642                imsi
 .bss.command_len
                0x001e8662        0x1 build\gcc\obj/example/example_tcpclient.o
                0x001e8662                command_len
 .bss.iccid_bcd
                0x001e8663        0x8 build\gcc\obj/example/example_tcpclient.o
                0x001e8663                iccid_bcd
 *fill*         0x001e866b        0x1 
 .bss.pr_totalSeconds.4548
                0x001e866c        0x4 build\gcc\obj/example/example_tcpclient.o
 .bss.timestr   0x001e8670       0x40 build\gcc\obj/example/example_tcpclient.o
                0x001e8670                timestr
 .bss.command_data
                0x001e86b0       0x20 build\gcc\obj/example/example_tcpclient.o
                0x001e86b0                command_data
 .bss.ack_data  0x001e86d0       0x40 build\gcc\obj/example/example_tcpclient.o
                0x001e86d0                ack_data
 .bss.socket_param_t
                0x001e8710       0x14 build\gcc\obj/example/example_tcpclient.o
                0x001e8710                socket_param_t
 .bss.count_conect.4580
                0x001e8724        0x4 build\gcc\obj/example/example_tcpclient.o
 .bss.m_tcp_state
                0x001e8728        0x1 build\gcc\obj/example/example_tcpclient.o
 *fill*         0x001e8729        0x3 
 .bss.totalBytes
                0x001e872c        0x4 build\gcc\obj/example/example_tcpclient.o
 .bss.count_save_ip.4701
                0x001e8730        0x4 build\gcc\obj/example/example_tcpclient.o
 .bss.m_RxBuf_Uart
                0x001e8734       0x40 build\gcc\obj/example/example_tcpclient.o
 .bss.m_recv_buf
                0x001e8774      0x200 build\gcc\obj/example/example_tcpclient.o
 .bss.chang_ip_count.4582
                0x001e8974        0x1 build\gcc\obj/example/example_tcpclient.o
 *fill*         0x001e8975        0x3 
 .bss.time_out_con
                0x001e8978        0x4 build\gcc\obj/example/example_tcpclient.o
 .bss.string_buffer
                0x001e897c       0xc8 build\gcc\obj/example/example_tcpclient.o
 .bss.totalSeconds
                0x001e8a44        0x4 build\gcc\obj/example/example_tcpclient.o
 .bss.DBG_BUFFER
                0x001e8a48      0x200 build\gcc\obj/example/example_tcpclient.o
 .bss.m_GPIO_Init
                0x001e8c48        0x4 libs/gcc/app_start.lib(gpio.o)
                0x001e8c48                m_GPIO_Init
 .bss.m_GPIO_SetLevel
                0x001e8c4c        0x4 libs/gcc/app_start.lib(gpio.o)
                0x001e8c4c                m_GPIO_SetLevel
 .bss.m_MEM_Alloc
                0x001e8c50        0x4 libs/gcc/app_start.lib(memory.o)
 .bss.m_MEM_Free
                0x001e8c54        0x4 libs/gcc/app_start.lib(memory.o)
 .bss.m_create_api_hash
                0x001e8c58        0x4 libs/gcc/app_start.lib(ql_func.o)
                0x001e8c58                m_create_api_hash
 .bss.m_get_api_ptr
                0x001e8c5c        0x4 libs/gcc/app_start.lib(ql_func.o)
                0x001e8c5c                m_get_api_ptr
 .bss.Ql_sscanf
                0x001e8c60        0x4 libs/gcc/app_start.lib(ql_main.o)
                0x001e8c60                Ql_sscanf
 .bss.runinfo   0x001e8c64        0x8 libs/gcc/app_start.lib(ql_main.o)
                0x001e8c64                runinfo
 .bss.Ql_Debug_Trace
                0x001e8c6c        0x4 libs/gcc/app_start.lib(ql_main.o)
                0x001e8c6c                Ql_Debug_Trace
 .bss.Ql_sprintf
                0x001e8c70        0x4 libs/gcc/app_start.lib(ql_main.o)
                0x001e8c70                Ql_sprintf
 .bss.Ql_snprintf
                0x001e8c74        0x4 libs/gcc/app_start.lib(ql_main.o)
                0x001e8c74                Ql_snprintf
 .bss.init_size
                0x001e8c78        0x4 libs/gcc/app_start.lib(ql_main.o)
 .bss.g_ril_auxTaskReady
                0x001e8c7c        0x1 libs/gcc/app_start.lib(ril_aux.o)
                0x001e8c7c                g_ril_auxTaskReady
 *fill*         0x001e8c7d        0x3 
 .bss.m_pATRspLineBuf
                0x001e8c80        0x4 libs/gcc/app_start.lib(ril_main.o)
 .bss.m_strATCmd
                0x001e8c84      0x578 libs/gcc/app_start.lib(ril_main.o)
 .bss.m_IsATHandling
                0x001e91fc        0x1 libs/gcc/app_start.lib(ril_main.o)
 *fill*         0x001e91fd        0x3 
 .bss.m_data    0x001e9200        0x8 libs/gcc/app_start.lib(ril_main.o)
 .bss.m_isRILInited
                0x001e9208        0x1 libs/gcc/app_start.lib(ril_main.o)
 *fill*         0x001e9209        0x3 
 .bss.m_nATRspBufLen
                0x001e920c        0x4 libs/gcc/app_start.lib(ril_main.o)
 .bss.m_nAtMutexId
                0x001e9210        0x4 libs/gcc/app_start.lib(ril_main.o)
 .bss.m_userdata
                0x001e9214        0x4 libs/gcc/app_start.lib(ril_main.o)
 .bss.g_nEventGrpId
                0x001e9218        0x4 libs/gcc/app_start.lib(ril_main.o)
 .bss.m_pATRspBuffer
                0x001e921c        0x4 libs/gcc/app_start.lib(ril_main.o)
 .bss.m_nATErrCode
                0x001e9220        0x4 libs/gcc/app_start.lib(ril_main.o)
 .bss.m_atRsp_callback
                0x001e9224        0x4 libs/gcc/app_start.lib(ril_main.o)
 .bss.m_nATRsp_Result
                0x001e9228        0x4 libs/gcc/app_start.lib(ril_main.o)
 .bss.m_strncmp
                0x001e922c        0x4 libs/gcc/app_start.lib(stdlib_func.o)
 .bss.m_strncpy
                0x001e9230        0x4 libs/gcc/app_start.lib(stdlib_func.o)
 .bss.m_memset  0x001e9234        0x4 libs/gcc/app_start.lib(stdlib_func.o)
 .bss.m_memcpy  0x001e9238        0x4 libs/gcc/app_start.lib(stdlib_func.o)
 .bss.m_memcmp  0x001e923c        0x4 libs/gcc/app_start.lib(stdlib_func.o)
 .bss.m_strlen  0x001e9240        0x4 libs/gcc/app_start.lib(stdlib_func.o)
 .bss.m_strstr  0x001e9244        0x4 libs/gcc/app_start.lib(stdlib_func.o)
 .bss.m_strchr  0x001e9248        0x4 libs/gcc/app_start.lib(stdlib_func.o)
 .bss.m_Sleep   0x001e924c        0x4 libs/gcc/app_start.lib(system.o)
 .bss.m_GetvFunc_Init_Status
                0x001e9250        0x4 libs/gcc/app_start.lib(system.o)
 .bss.m_RIL_request_custom_command
                0x001e9254        0x4 libs/gcc/app_start.lib(taskMngt.o)
 .bss.m_OS_CreateEvent
                0x001e9258        0x4 libs/gcc/app_start.lib(taskMngt.o)
 .bss.m_OS_CreateMutex
                0x001e925c        0x4 libs/gcc/app_start.lib(taskMngt.o)
 .bss.m_OS_SetEvent
                0x001e9260        0x4 libs/gcc/app_start.lib(taskMngt.o)
 .bss.m_Ql_SecureData_Store
                0x001e9264        0x4 libs/gcc/app_start.lib(taskMngt.o)
 .bss.m_OS_WaitEvent
                0x001e9268        0x4 libs/gcc/app_start.lib(taskMngt.o)
 .bss.m_OS_TakeMutex
                0x001e926c        0x4 libs/gcc/app_start.lib(taskMngt.o)
 .bss.m_OS_GiveMutex
                0x001e9270        0x4 libs/gcc/app_start.lib(taskMngt.o)
 .bss.m_OS_SendMessage
                0x001e9274        0x4 libs/gcc/app_start.lib(taskMngt.o)
 .bss.m_Ql_SecureData_Read
                0x001e9278        0x4 libs/gcc/app_start.lib(taskMngt.o)
 .bss.m_OS_GetMessage
                0x001e927c        0x4 libs/gcc/app_start.lib(taskMngt.o)
 .bss.m_Mktime  0x001e9280        0x4 libs/gcc/app_start.lib(time.o)
 .bss.m_GetLocalTime
                0x001e9284        0x4 libs/gcc/app_start.lib(time.o)
 .bss.m_Timer_Register
                0x001e9288        0x4 libs/gcc/app_start.lib(timer.o)
 .bss.m_Timer_Stop
                0x001e928c        0x4 libs/gcc/app_start.lib(timer.o)
 .bss.m_Timer_Start
                0x001e9290        0x4 libs/gcc/app_start.lib(timer.o)
 .bss.m_Ql_UART_Open
                0x001e9294        0x4 libs/gcc/app_start.lib(uart.o)
 .bss.m_Ql_UART_Read
                0x001e9298        0x4 libs/gcc/app_start.lib(uart.o)
 .bss.m_Ql_UART_Register
                0x001e929c        0x4 libs/gcc/app_start.lib(uart.o)
 .bss.m_Ql_UART_Write
                0x001e92a0        0x4 libs/gcc/app_start.lib(uart.o)
                0x001e92a4                __bss_end__ = .
LOAD build\gcc\obj/custom/config/custom_sys_cfg.o
LOAD build\gcc\obj/custom/config/sys_config.o
LOAD build\gcc\obj/ril/src/ril_atResponse.o
LOAD build\gcc\obj/ril/src/ril_dfota.o
LOAD build\gcc\obj/ril/src/ril_init.o
LOAD build\gcc\obj/ril/src/ril_lwm2m.o
LOAD build\gcc\obj/ril/src/ril_network.o
LOAD build\gcc\obj/ril/src/ril_onenet.o
LOAD build\gcc\obj/ril/src/ril_socket.o
LOAD build\gcc\obj/ril/src/ril_system.o
LOAD build\gcc\obj/ril/src/ril_urc.o
LOAD build\gcc\obj/ril/src/ril_util.o
LOAD build\gcc\obj/example/example_adc.o
LOAD build\gcc\obj/example/example_dfota_http.o
LOAD build\gcc\obj/example/example_eint.o
LOAD build\gcc\obj/example/example_float_math.o
LOAD build\gcc\obj/example/example_gpio.o
LOAD build\gcc\obj/example/example_iic.o
LOAD build\gcc\obj/example/example_lwm2m.o
LOAD build\gcc\obj/example/example_memory.o
LOAD build\gcc\obj/example/example_multitask.o
LOAD build\gcc\obj/example/example_onenet.o
LOAD build\gcc\obj/example/example_pwm.o
LOAD build\gcc\obj/example/example_rtc.o
LOAD build\gcc\obj/example/example_spi.o
LOAD build\gcc\obj/example/example_system.o
LOAD build\gcc\obj/example/example_tcpclient.o
LOAD build\gcc\obj/example/example_tcpclient_old.o
LOAD build\gcc\obj/example/example_time.o
LOAD build\gcc\obj/example/example_timer.o
LOAD build\gcc\obj/example/example_udpclient.o
LOAD build\gcc\obj/example/example_watchdog.o
LOAD build\gcc\obj/example/utility.o
LOAD build\gcc\obj/custom/fifo.o
LOAD build\gcc\obj/custom/main.o
LOAD libs/gcc/app_start.lib
LOAD tools\gcc\win\gcc-arm-none-eabi/arm-none-eabi/lib/armv7e-m/fpu/libm.a
LOAD tools\gcc\win\gcc-arm-none-eabi/arm-none-eabi/lib/armv7e-m/fpu/libc.a
LOAD tools\gcc\win\gcc-arm-none-eabi/lib/gcc/arm-none-eabi/4.8.3/armv7e-m/fpu/libgcc.a
OUTPUT(build\gcc/APPGS3MDM32A01.elf elf32-littlearm)

.debug_info     0x00000000    0x15116
 .debug_info    0x00000000      0x382 build\gcc\obj/custom/config/custom_sys_cfg.o
 .debug_info    0x00000382      0x29a build\gcc\obj/custom/config/sys_config.o
 .debug_info    0x0000061c      0x300 build\gcc\obj/ril/src/ril_atResponse.o
 .debug_info    0x0000091c      0x493 build\gcc\obj/ril/src/ril_dfota.o
 .debug_info    0x00000daf       0xfc build\gcc\obj/ril/src/ril_init.o
 .debug_info    0x00000eab     0x143c build\gcc\obj/ril/src/ril_lwm2m.o
 .debug_info    0x000022e7      0x516 build\gcc\obj/ril/src/ril_network.o
 .debug_info    0x000027fd     0x1890 build\gcc\obj/ril/src/ril_onenet.o
 .debug_info    0x0000408d     0x1256 build\gcc\obj/ril/src/ril_socket.o
 .debug_info    0x000052e3     0x1d70 build\gcc\obj/ril/src/ril_system.o
 .debug_info    0x00007053     0x2156 build\gcc\obj/ril/src/ril_urc.o
 .debug_info    0x000091a9      0x5a6 build\gcc\obj/ril/src/ril_util.o
 .debug_info    0x0000974f     0x40e0 build\gcc\obj/example/example_tcpclient.o
 .debug_info    0x0000d82f      0x28e build\gcc\obj/example/utility.o
 .debug_info    0x0000dabd      0x2a8 build\gcc\obj/custom/fifo.o
 .debug_info    0x0000dd65      0x99a libs/gcc/app_start.lib(gpio.o)
 .debug_info    0x0000e6ff      0x24e libs/gcc/app_start.lib(memory.o)
 .debug_info    0x0000e94d      0x9b2 libs/gcc/app_start.lib(ql_func.o)
 .debug_info    0x0000f2ff      0x6f8 libs/gcc/app_start.lib(ql_main.o)
 .debug_info    0x0000f9f7      0x19b libs/gcc/app_start.lib(ril_aux.o)
 .debug_info    0x0000fb92     0x123e libs/gcc/app_start.lib(ril_main.o)
 .debug_info    0x00010dd0     0x12eb libs/gcc/app_start.lib(stdlib_func.o)
 .debug_info    0x000120bb      0x6c8 libs/gcc/app_start.lib(system.o)
 .debug_info    0x00012783     0x10b4 libs/gcc/app_start.lib(taskMngt.o)
 .debug_info    0x00013837      0x71b libs/gcc/app_start.lib(time.o)
 .debug_info    0x00013f52      0x739 libs/gcc/app_start.lib(timer.o)
 .debug_info    0x0001468b      0xa1c libs/gcc/app_start.lib(uart.o)
 .debug_info    0x000150a7       0x6f libs/gcc/app_start.lib(ocpu_init.o)

.debug_abbrev   0x00000000     0x3059
 .debug_abbrev  0x00000000       0xe8 build\gcc\obj/custom/config/custom_sys_cfg.o
 .debug_abbrev  0x000000e8       0xc2 build\gcc\obj/custom/config/sys_config.o
 .debug_abbrev  0x000001aa      0x178 build\gcc\obj/ril/src/ril_atResponse.o
 .debug_abbrev  0x00000322      0x18e build\gcc\obj/ril/src/ril_dfota.o
 .debug_abbrev  0x000004b0       0x86 build\gcc\obj/ril/src/ril_init.o
 .debug_abbrev  0x00000536      0x296 build\gcc\obj/ril/src/ril_lwm2m.o
 .debug_abbrev  0x000007cc      0x1dc build\gcc\obj/ril/src/ril_network.o
 .debug_abbrev  0x000009a8      0x2fa build\gcc\obj/ril/src/ril_onenet.o
 .debug_abbrev  0x00000ca2      0x28d build\gcc\obj/ril/src/ril_socket.o
 .debug_abbrev  0x00000f2f      0x257 build\gcc\obj/ril/src/ril_system.o
 .debug_abbrev  0x00001186      0x2f9 build\gcc\obj/ril/src/ril_urc.o
 .debug_abbrev  0x0000147f      0x13e build\gcc\obj/ril/src/ril_util.o
 .debug_abbrev  0x000015bd      0x3a4 build\gcc\obj/example/example_tcpclient.o
 .debug_abbrev  0x00001961      0x154 build\gcc\obj/example/utility.o
 .debug_abbrev  0x00001ab5      0x192 build\gcc\obj/custom/fifo.o
 .debug_abbrev  0x00001c47      0x119 libs/gcc/app_start.lib(gpio.o)
 .debug_abbrev  0x00001d60      0x13f libs/gcc/app_start.lib(memory.o)
 .debug_abbrev  0x00001e9f      0x176 libs/gcc/app_start.lib(ql_func.o)
 .debug_abbrev  0x00002015      0x1c5 libs/gcc/app_start.lib(ql_main.o)
 .debug_abbrev  0x000021da      0x10b libs/gcc/app_start.lib(ril_aux.o)
 .debug_abbrev  0x000022e5      0x3ec libs/gcc/app_start.lib(ril_main.o)
 .debug_abbrev  0x000026d1      0x248 libs/gcc/app_start.lib(stdlib_func.o)
 .debug_abbrev  0x00002919      0x190 libs/gcc/app_start.lib(system.o)
 .debug_abbrev  0x00002aa9      0x202 libs/gcc/app_start.lib(taskMngt.o)
 .debug_abbrev  0x00002cab      0x132 libs/gcc/app_start.lib(time.o)
 .debug_abbrev  0x00002ddd      0x10c libs/gcc/app_start.lib(timer.o)
 .debug_abbrev  0x00002ee9      0x15c libs/gcc/app_start.lib(uart.o)
 .debug_abbrev  0x00003045       0x14 libs/gcc/app_start.lib(ocpu_init.o)

.debug_aranges  0x00000000      0x978
 .debug_aranges
                0x00000000       0x20 build\gcc\obj/custom/config/custom_sys_cfg.o
 .debug_aranges
                0x00000020       0x18 build\gcc\obj/custom/config/sys_config.o
 .debug_aranges
                0x00000038       0x30 build\gcc\obj/ril/src/ril_atResponse.o
 .debug_aranges
                0x00000068       0x30 build\gcc\obj/ril/src/ril_dfota.o
 .debug_aranges
                0x00000098       0x28 build\gcc\obj/ril/src/ril_init.o
 .debug_aranges
                0x000000c0       0xa0 build\gcc\obj/ril/src/ril_lwm2m.o
 .debug_aranges
                0x00000160       0x30 build\gcc\obj/ril/src/ril_network.o
 .debug_aranges
                0x00000190       0xa8 build\gcc\obj/ril/src/ril_onenet.o
 .debug_aranges
                0x00000238       0x78 build\gcc\obj/ril/src/ril_socket.o
 .debug_aranges
                0x000002b0       0xb8 build\gcc\obj/ril/src/ril_system.o
 .debug_aranges
                0x00000368       0x98 build\gcc\obj/ril/src/ril_urc.o
 .debug_aranges
                0x00000400       0x48 build\gcc\obj/ril/src/ril_util.o
 .debug_aranges
                0x00000448       0xd8 build\gcc\obj/example/example_tcpclient.o
 .debug_aranges
                0x00000520       0x20 build\gcc\obj/example/utility.o
 .debug_aranges
                0x00000540       0x48 build\gcc\obj/custom/fifo.o
 .debug_aranges
                0x00000588       0x50 libs/gcc/app_start.lib(gpio.o)
 .debug_aranges
                0x000005d8       0x28 libs/gcc/app_start.lib(memory.o)
 .debug_aranges
                0x00000600       0x50 libs/gcc/app_start.lib(ql_func.o)
 .debug_aranges
                0x00000650       0x28 libs/gcc/app_start.lib(ql_main.o)
 .debug_aranges
                0x00000678       0x20 libs/gcc/app_start.lib(ril_aux.o)
 .debug_aranges
                0x00000698       0x58 libs/gcc/app_start.lib(ril_main.o)
 .debug_aranges
                0x000006f0       0xc0 libs/gcc/app_start.lib(stdlib_func.o)
 .debug_aranges
                0x000007b0       0x38 libs/gcc/app_start.lib(system.o)
 .debug_aranges
                0x000007e8       0xb8 libs/gcc/app_start.lib(taskMngt.o)
 .debug_aranges
                0x000008a0       0x38 libs/gcc/app_start.lib(time.o)
 .debug_aranges
                0x000008d8       0x38 libs/gcc/app_start.lib(timer.o)
 .debug_aranges
                0x00000910       0x48 libs/gcc/app_start.lib(uart.o)
 .debug_aranges
                0x00000958       0x20 libs/gcc/app_start.lib(ocpu_init.o)

.debug_ranges   0x00000000      0xc50
 .debug_ranges  0x00000000       0x10 build\gcc\obj/custom/config/custom_sys_cfg.o
 .debug_ranges  0x00000010       0x20 build\gcc\obj/ril/src/ril_atResponse.o
 .debug_ranges  0x00000030       0x20 build\gcc\obj/ril/src/ril_dfota.o
 .debug_ranges  0x00000050       0x18 build\gcc\obj/ril/src/ril_init.o
 .debug_ranges  0x00000068       0x90 build\gcc\obj/ril/src/ril_lwm2m.o
 .debug_ranges  0x000000f8       0x20 build\gcc\obj/ril/src/ril_network.o
 .debug_ranges  0x00000118       0xb0 build\gcc\obj/ril/src/ril_onenet.o
 .debug_ranges  0x000001c8       0x68 build\gcc\obj/ril/src/ril_socket.o
 .debug_ranges  0x00000230      0x1c0 build\gcc\obj/ril/src/ril_system.o
 .debug_ranges  0x000003f0       0x88 build\gcc\obj/ril/src/ril_urc.o
 .debug_ranges  0x00000478       0x38 build\gcc\obj/ril/src/ril_util.o
 .debug_ranges  0x000004b0       0xe0 build\gcc\obj/example/example_tcpclient.o
 .debug_ranges  0x00000590       0x10 build\gcc\obj/example/utility.o
 .debug_ranges  0x000005a0       0x38 build\gcc\obj/custom/fifo.o
 .debug_ranges  0x000005d8       0xe8 libs/gcc/app_start.lib(gpio.o)
 .debug_ranges  0x000006c0       0x18 libs/gcc/app_start.lib(memory.o)
 .debug_ranges  0x000006d8       0x70 libs/gcc/app_start.lib(ql_func.o)
 .debug_ranges  0x00000748       0x18 libs/gcc/app_start.lib(ql_main.o)
 .debug_ranges  0x00000760       0x10 libs/gcc/app_start.lib(ril_aux.o)
 .debug_ranges  0x00000770       0xb0 libs/gcc/app_start.lib(ril_main.o)
 .debug_ranges  0x00000820      0x110 libs/gcc/app_start.lib(stdlib_func.o)
 .debug_ranges  0x00000930       0x28 libs/gcc/app_start.lib(system.o)
 .debug_ranges  0x00000958      0x168 libs/gcc/app_start.lib(taskMngt.o)
 .debug_ranges  0x00000ac0       0x58 libs/gcc/app_start.lib(time.o)
 .debug_ranges  0x00000b18       0x88 libs/gcc/app_start.lib(timer.o)
 .debug_ranges  0x00000ba0       0xb0 libs/gcc/app_start.lib(uart.o)

.debug_line     0x00000000     0x2e64
 .debug_line    0x00000000       0x8f build\gcc\obj/custom/config/custom_sys_cfg.o
 .debug_line    0x0000008f       0x7b build\gcc\obj/custom/config/sys_config.o
 .debug_line    0x0000010a       0xc2 build\gcc\obj/ril/src/ril_atResponse.o
 .debug_line    0x000001cc       0xca build\gcc\obj/ril/src/ril_dfota.o
 .debug_line    0x00000296       0x69 build\gcc\obj/ril/src/ril_init.o
 .debug_line    0x000002ff      0x276 build\gcc\obj/ril/src/ril_lwm2m.o
 .debug_line    0x00000575       0xe7 build\gcc\obj/ril/src/ril_network.o
 .debug_line    0x0000065c      0x28c build\gcc\obj/ril/src/ril_onenet.o
 .debug_line    0x000008e8      0x257 build\gcc\obj/ril/src/ril_socket.o
 .debug_line    0x00000b3f      0x504 build\gcc\obj/ril/src/ril_system.o
 .debug_line    0x00001043      0x3d1 build\gcc\obj/ril/src/ril_urc.o
 .debug_line    0x00001414      0x187 build\gcc\obj/ril/src/ril_util.o
 .debug_line    0x0000159b      0x6c2 build\gcc\obj/example/example_tcpclient.o
 .debug_line    0x00001c5d       0x89 build\gcc\obj/example/utility.o
 .debug_line    0x00001ce6       0xcd build\gcc\obj/custom/fifo.o
 .debug_line    0x00001db3      0x13c libs/gcc/app_start.lib(gpio.o)
 .debug_line    0x00001eef       0xb1 libs/gcc/app_start.lib(memory.o)
 .debug_line    0x00001fa0      0x12a libs/gcc/app_start.lib(ql_func.o)
 .debug_line    0x000020ca       0xf9 libs/gcc/app_start.lib(ql_main.o)
 .debug_line    0x000021c3       0x75 libs/gcc/app_start.lib(ril_aux.o)
 .debug_line    0x00002238      0x2a9 libs/gcc/app_start.lib(ril_main.o)
 .debug_line    0x000024e1      0x2cb libs/gcc/app_start.lib(stdlib_func.o)
 .debug_line    0x000027ac       0xf2 libs/gcc/app_start.lib(system.o)
 .debug_line    0x0000289e      0x27e libs/gcc/app_start.lib(taskMngt.o)
 .debug_line    0x00002b1c       0xeb libs/gcc/app_start.lib(time.o)
 .debug_line    0x00002c07       0xef libs/gcc/app_start.lib(timer.o)
 .debug_line    0x00002cf6      0x11d libs/gcc/app_start.lib(uart.o)
 .debug_line    0x00002e13       0x51 libs/gcc/app_start.lib(ocpu_init.o)

.debug_str      0x00000000     0x4e12
 .debug_str     0x00000000      0x548 build\gcc\obj/custom/config/custom_sys_cfg.o
                                0x576 (size before relaxing)
 .debug_str     0x00000548      0x179 build\gcc\obj/custom/config/sys_config.o
                                0x48c (size before relaxing)
 .debug_str     0x000006c1       0xcb build\gcc\obj/ril/src/ril_atResponse.o
                                0x2b0 (size before relaxing)
 .debug_str     0x0000078c      0x1b9 build\gcc\obj/ril/src/ril_dfota.o
                                0x396 (size before relaxing)
 .debug_str     0x00000945       0x53 build\gcc\obj/ril/src/ril_init.o
                                0x21d (size before relaxing)
 .debug_str     0x00000998      0x36c build\gcc\obj/ril/src/ril_lwm2m.o
                                0x625 (size before relaxing)
 .debug_str     0x00000d04      0x13b build\gcc\obj/ril/src/ril_network.o
                                0x3cc (size before relaxing)
 .debug_str     0x00000e3f      0x6a0 build\gcc\obj/ril/src/ril_onenet.o
                                0x9e0 (size before relaxing)
 .debug_str     0x000014df      0x335 build\gcc\obj/ril/src/ril_socket.o
                                0x677 (size before relaxing)
 .debug_str     0x00001814      0x28c build\gcc\obj/ril/src/ril_system.o
                                0x5e4 (size before relaxing)
 .debug_str     0x00001aa0      0x62b build\gcc\obj/ril/src/ril_urc.o
                                0xb78 (size before relaxing)
 .debug_str     0x000020cb       0xae build\gcc\obj/ril/src/ril_util.o
                                0x297 (size before relaxing)
 .debug_str     0x00002179      0x717 build\gcc\obj/example/example_tcpclient.o
                               0x1034 (size before relaxing)
 .debug_str     0x00002890       0x74 build\gcc\obj/example/utility.o
                                0x24a (size before relaxing)
 .debug_str     0x00002904       0x44 build\gcc\obj/custom/fifo.o
                                0x21d (size before relaxing)
 .debug_str     0x00002948     0x1002 libs/gcc/app_start.lib(gpio.o)
                               0x138d (size before relaxing)
 .debug_str     0x0000394a       0x71 libs/gcc/app_start.lib(memory.o)
                                0x293 (size before relaxing)
 .debug_str     0x000039bb      0x2ac libs/gcc/app_start.lib(ql_func.o)
                               0x12e9 (size before relaxing)
 .debug_str     0x00003c67      0x1e6 libs/gcc/app_start.lib(ql_main.o)
                                0x777 (size before relaxing)
 .debug_str     0x00003e4d       0x48 libs/gcc/app_start.lib(ril_aux.o)
                                0x297 (size before relaxing)
 .debug_str     0x00003e95      0x308 libs/gcc/app_start.lib(ril_main.o)
                               0x14c4 (size before relaxing)
 .debug_str     0x0000419d      0x294 libs/gcc/app_start.lib(stdlib_func.o)
                               0x12d9 (size before relaxing)
 .debug_str     0x00004431       0xd6 libs/gcc/app_start.lib(system.o)
                               0x10ef (size before relaxing)
 .debug_str     0x00004507      0x519 libs/gcc/app_start.lib(taskMngt.o)
                               0x15ce (size before relaxing)
 .debug_str     0x00004a20       0xf8 libs/gcc/app_start.lib(time.o)
                               0x1125 (size before relaxing)
 .debug_str     0x00004b18      0x117 libs/gcc/app_start.lib(timer.o)
                               0x1134 (size before relaxing)
 .debug_str     0x00004c2f      0x1e3 libs/gcc/app_start.lib(uart.o)
                               0x1347 (size before relaxing)

.comment        0x00000000       0x70
 .comment       0x00000000       0x70 build\gcc\obj/custom/config/custom_sys_cfg.o
                                 0x71 (size before relaxing)
 .comment       0x00000000       0x71 build\gcc\obj/custom/config/sys_config.o
 .comment       0x00000000       0x71 build\gcc\obj/ril/src/ril_atResponse.o
 .comment       0x00000000       0x71 build\gcc\obj/ril/src/ril_dfota.o
 .comment       0x00000000       0x71 build\gcc\obj/ril/src/ril_init.o
 .comment       0x00000000       0x71 build\gcc\obj/ril/src/ril_lwm2m.o
 .comment       0x00000000       0x71 build\gcc\obj/ril/src/ril_network.o
 .comment       0x00000000       0x71 build\gcc\obj/ril/src/ril_onenet.o
 .comment       0x00000000       0x71 build\gcc\obj/ril/src/ril_socket.o
 .comment       0x00000000       0x71 build\gcc\obj/ril/src/ril_system.o
 .comment       0x00000000       0x71 build\gcc\obj/ril/src/ril_urc.o
 .comment       0x00000000       0x71 build\gcc\obj/ril/src/ril_util.o
 .comment       0x00000000       0x71 build\gcc\obj/example/example_tcpclient.o
 .comment       0x00000000       0x71 build\gcc\obj/example/utility.o
 .comment       0x00000000       0x71 build\gcc\obj/custom/fifo.o
 .comment       0x00000000       0x71 libs/gcc/app_start.lib(gpio.o)
 .comment       0x00000000       0x71 libs/gcc/app_start.lib(memory.o)
 .comment       0x00000000       0x71 libs/gcc/app_start.lib(ql_func.o)
 .comment       0x00000000       0x71 libs/gcc/app_start.lib(ql_main.o)
 .comment       0x00000000       0x71 libs/gcc/app_start.lib(ril_aux.o)
 .comment       0x00000000       0x71 libs/gcc/app_start.lib(ril_main.o)
 .comment       0x00000000       0x71 libs/gcc/app_start.lib(stdlib_func.o)
 .comment       0x00000000       0x71 libs/gcc/app_start.lib(system.o)
 .comment       0x00000000       0x71 libs/gcc/app_start.lib(taskMngt.o)
 .comment       0x00000000       0x71 libs/gcc/app_start.lib(time.o)
 .comment       0x00000000       0x71 libs/gcc/app_start.lib(timer.o)
 .comment       0x00000000       0x71 libs/gcc/app_start.lib(uart.o)

.ARM.attributes
                0x00000000       0x37
 .ARM.attributes
                0x00000000       0x39 build\gcc\obj/custom/config/custom_sys_cfg.o
 .ARM.attributes
                0x00000039       0x39 build\gcc\obj/custom/config/sys_config.o
 .ARM.attributes
                0x00000072       0x39 build\gcc\obj/ril/src/ril_atResponse.o
 .ARM.attributes
                0x000000ab       0x39 build\gcc\obj/ril/src/ril_dfota.o
 .ARM.attributes
                0x000000e4       0x39 build\gcc\obj/ril/src/ril_init.o
 .ARM.attributes
                0x0000011d       0x39 build\gcc\obj/ril/src/ril_lwm2m.o
 .ARM.attributes
                0x00000156       0x39 build\gcc\obj/ril/src/ril_network.o
 .ARM.attributes
                0x0000018f       0x39 build\gcc\obj/ril/src/ril_onenet.o
 .ARM.attributes
                0x000001c8       0x39 build\gcc\obj/ril/src/ril_socket.o
 .ARM.attributes
                0x00000201       0x39 build\gcc\obj/ril/src/ril_system.o
 .ARM.attributes
                0x0000023a       0x39 build\gcc\obj/ril/src/ril_urc.o
 .ARM.attributes
                0x00000273       0x39 build\gcc\obj/ril/src/ril_util.o
 .ARM.attributes
                0x000002ac       0x39 build\gcc\obj/example/example_tcpclient.o
 .ARM.attributes
                0x000002e5       0x39 build\gcc\obj/example/utility.o
 .ARM.attributes
                0x0000031e       0x39 build\gcc\obj/custom/fifo.o
 .ARM.attributes
                0x00000357       0x39 libs/gcc/app_start.lib(gpio.o)
 .ARM.attributes
                0x00000390       0x39 libs/gcc/app_start.lib(memory.o)
 .ARM.attributes
                0x000003c9       0x39 libs/gcc/app_start.lib(ql_func.o)
 .ARM.attributes
                0x00000402       0x39 libs/gcc/app_start.lib(ql_main.o)
 .ARM.attributes
                0x0000043b       0x39 libs/gcc/app_start.lib(ril_aux.o)
 .ARM.attributes
                0x00000474       0x39 libs/gcc/app_start.lib(ril_main.o)
 .ARM.attributes
                0x000004ad       0x39 libs/gcc/app_start.lib(stdlib_func.o)
 .ARM.attributes
                0x000004e6       0x39 libs/gcc/app_start.lib(system.o)
 .ARM.attributes
                0x0000051f       0x39 libs/gcc/app_start.lib(taskMngt.o)
 .ARM.attributes
                0x00000558       0x39 libs/gcc/app_start.lib(time.o)
 .ARM.attributes
                0x00000591       0x39 libs/gcc/app_start.lib(timer.o)
 .ARM.attributes
                0x000005ca       0x39 libs/gcc/app_start.lib(uart.o)
 .ARM.attributes
                0x00000603       0x21 libs/gcc/app_start.lib(ocpu_init.o)
 .ARM.attributes
                0x00000624       0x34 tools\gcc\win\gcc-arm-none-eabi/arm-none-eabi/lib/armv7e-m/fpu/libc.a(lib_a-atoi.o)
 .ARM.attributes
                0x00000658       0x20 tools\gcc\win\gcc-arm-none-eabi/arm-none-eabi/lib/armv7e-m/fpu/libc.a(lib_a-memcpy.o)
 .ARM.attributes
                0x00000678       0x34 tools\gcc\win\gcc-arm-none-eabi/arm-none-eabi/lib/armv7e-m/fpu/libc.a(lib_a-memset.o)
 .ARM.attributes
                0x000006ac       0x34 tools\gcc\win\gcc-arm-none-eabi/arm-none-eabi/lib/armv7e-m/fpu/libc.a(lib_a-strchr.o)
 .ARM.attributes
                0x000006e0       0x34 tools\gcc\win\gcc-arm-none-eabi/arm-none-eabi/lib/armv7e-m/fpu/libc.a(lib_a-strcpy.o)
 .ARM.attributes
                0x00000714       0x34 tools\gcc\win\gcc-arm-none-eabi/arm-none-eabi/lib/armv7e-m/fpu/libc.a(lib_a-strlen.o)
 .ARM.attributes
                0x00000748       0x34 tools\gcc\win\gcc-arm-none-eabi/arm-none-eabi/lib/armv7e-m/fpu/libc.a(lib_a-strncpy.o)
 .ARM.attributes
                0x0000077c       0x34 tools\gcc\win\gcc-arm-none-eabi/arm-none-eabi/lib/armv7e-m/fpu/libc.a(lib_a-strsep.o)
 .ARM.attributes
                0x000007b0       0x34 tools\gcc\win\gcc-arm-none-eabi/arm-none-eabi/lib/armv7e-m/fpu/libc.a(lib_a-strtok.o)
 .ARM.attributes
                0x000007e4       0x34 tools\gcc\win\gcc-arm-none-eabi/arm-none-eabi/lib/armv7e-m/fpu/libc.a(lib_a-strtok_r.o)
 .ARM.attributes
                0x00000818       0x34 tools\gcc\win\gcc-arm-none-eabi/arm-none-eabi/lib/armv7e-m/fpu/libc.a(lib_a-strtol.o)
 .ARM.attributes
                0x0000084c       0x34 tools\gcc\win\gcc-arm-none-eabi/arm-none-eabi/lib/armv7e-m/fpu/libc.a(lib_a-ctype_.o)
 .ARM.attributes
                0x00000880       0x34 tools\gcc\win\gcc-arm-none-eabi/arm-none-eabi/lib/armv7e-m/fpu/libc.a(lib_a-impure.o)

.debug_frame    0x00000000     0x1d70
 .debug_frame   0x00000000       0x20 build\gcc\obj/custom/config/custom_sys_cfg.o
 .debug_frame   0x00000020       0x50 build\gcc\obj/ril/src/ril_atResponse.o
 .debug_frame   0x00000070       0x64 build\gcc\obj/ril/src/ril_dfota.o
 .debug_frame   0x000000d4       0x30 build\gcc\obj/ril/src/ril_init.o
 .debug_frame   0x00000104      0x21c build\gcc\obj/ril/src/ril_lwm2m.o
 .debug_frame   0x00000320       0x6c build\gcc\obj/ril/src/ril_network.o
 .debug_frame   0x0000038c      0x24c build\gcc\obj/ril/src/ril_onenet.o
 .debug_frame   0x000005d8      0x1a0 build\gcc\obj/ril/src/ril_socket.o
 .debug_frame   0x00000778      0x2c8 build\gcc\obj/ril/src/ril_system.o
 .debug_frame   0x00000a40      0x234 build\gcc\obj/ril/src/ril_urc.o
 .debug_frame   0x00000c74       0xcc build\gcc\obj/ril/src/ril_util.o
 .debug_frame   0x00000d40      0x33c build\gcc\obj/example/example_tcpclient.o
 .debug_frame   0x0000107c       0x3c build\gcc\obj/example/utility.o
 .debug_frame   0x000010b8       0x90 build\gcc\obj/custom/fifo.o
 .debug_frame   0x00001148       0xd8 libs/gcc/app_start.lib(gpio.o)
 .debug_frame   0x00001220       0x48 libs/gcc/app_start.lib(memory.o)
 .debug_frame   0x00001268       0xd8 libs/gcc/app_start.lib(ql_func.o)
 .debug_frame   0x00001340       0x48 libs/gcc/app_start.lib(ql_main.o)
 .debug_frame   0x00001388       0x30 libs/gcc/app_start.lib(ril_aux.o)
 .debug_frame   0x000013b8       0xf8 libs/gcc/app_start.lib(ril_main.o)
 .debug_frame   0x000014b0      0x26c libs/gcc/app_start.lib(stdlib_func.o)
 .debug_frame   0x0000171c       0x7c libs/gcc/app_start.lib(system.o)
 .debug_frame   0x00001798      0x240 libs/gcc/app_start.lib(taskMngt.o)
 .debug_frame   0x000019d8       0x84 libs/gcc/app_start.lib(time.o)
 .debug_frame   0x00001a5c       0x8c libs/gcc/app_start.lib(timer.o)
 .debug_frame   0x00001ae8       0xc8 libs/gcc/app_start.lib(uart.o)
 .debug_frame   0x00001bb0       0x30 tools\gcc\win\gcc-arm-none-eabi/arm-none-eabi/lib/armv7e-m/fpu/libc.a(lib_a-atoi.o)
 .debug_frame   0x00001be0       0x2c tools\gcc\win\gcc-arm-none-eabi/arm-none-eabi/lib/armv7e-m/fpu/libc.a(lib_a-memset.o)
 .debug_frame   0x00001c0c       0x2c tools\gcc\win\gcc-arm-none-eabi/arm-none-eabi/lib/armv7e-m/fpu/libc.a(lib_a-strchr.o)
 .debug_frame   0x00001c38       0x20 tools\gcc\win\gcc-arm-none-eabi/arm-none-eabi/lib/armv7e-m/fpu/libc.a(lib_a-strcpy.o)
 .debug_frame   0x00001c58       0x20 tools\gcc\win\gcc-arm-none-eabi/arm-none-eabi/lib/armv7e-m/fpu/libc.a(lib_a-strlen.o)
 .debug_frame   0x00001c78       0x2c tools\gcc\win\gcc-arm-none-eabi/arm-none-eabi/lib/armv7e-m/fpu/libc.a(lib_a-strncpy.o)
 .debug_frame   0x00001ca4       0x20 tools\gcc\win\gcc-arm-none-eabi/arm-none-eabi/lib/armv7e-m/fpu/libc.a(lib_a-strsep.o)
 .debug_frame   0x00001cc4       0x20 tools\gcc\win\gcc-arm-none-eabi/arm-none-eabi/lib/armv7e-m/fpu/libc.a(lib_a-strtok.o)
 .debug_frame   0x00001ce4       0x3c tools\gcc\win\gcc-arm-none-eabi/arm-none-eabi/lib/armv7e-m/fpu/libc.a(lib_a-strtok_r.o)
 .debug_frame   0x00001d20       0x50 tools\gcc\win\gcc-arm-none-eabi/arm-none-eabi/lib/armv7e-m/fpu/libc.a(lib_a-strtol.o)

.debug_loc      0x00000000     0xa937
 .debug_loc     0x00000000      0x134 build\gcc\obj/ril/src/ril_atResponse.o
 .debug_loc     0x00000134      0x129 build\gcc\obj/ril/src/ril_dfota.o
 .debug_loc     0x0000025d      0xcfe build\gcc\obj/ril/src/ril_lwm2m.o
 .debug_loc     0x00000f5b      0x270 build\gcc\obj/ril/src/ril_network.o
 .debug_loc     0x000011cb      0xe98 build\gcc\obj/ril/src/ril_onenet.o
 .debug_loc     0x00002063      0xc8f build\gcc\obj/ril/src/ril_socket.o
 .debug_loc     0x00002cf2     0x1bf5 build\gcc\obj/ril/src/ril_system.o
 .debug_loc     0x000048e7      0xe55 build\gcc\obj/ril/src/ril_urc.o
 .debug_loc     0x0000573c      0x6fc build\gcc\obj/ril/src/ril_util.o
 .debug_loc     0x00005e38     0x148b build\gcc\obj/example/example_tcpclient.o
 .debug_loc     0x000072c3      0x2e4 build\gcc\obj/example/utility.o
 .debug_loc     0x000075a7      0x1b2 build\gcc\obj/custom/fifo.o
 .debug_loc     0x00007759      0x35f libs/gcc/app_start.lib(gpio.o)
 .debug_loc     0x00007ab8       0xdf libs/gcc/app_start.lib(memory.o)
 .debug_loc     0x00007b97      0x394 libs/gcc/app_start.lib(ql_func.o)
 .debug_loc     0x00007f2b      0x104 libs/gcc/app_start.lib(ql_main.o)
 .debug_loc     0x0000802f       0x60 libs/gcc/app_start.lib(ril_aux.o)
 .debug_loc     0x0000808f      0x838 libs/gcc/app_start.lib(ril_main.o)
 .debug_loc     0x000088c7      0xd09 libs/gcc/app_start.lib(stdlib_func.o)
 .debug_loc     0x000095d0      0x19a libs/gcc/app_start.lib(system.o)
 .debug_loc     0x0000976a      0x9be libs/gcc/app_start.lib(taskMngt.o)
 .debug_loc     0x0000a128      0x1ba libs/gcc/app_start.lib(time.o)
 .debug_loc     0x0000a2e2      0x2a5 libs/gcc/app_start.lib(timer.o)
 .debug_loc     0x0000a587      0x3b0 libs/gcc/app_start.lib(uart.o)
